
> rs-b@0.0.0 build
> tsc -b && vite build

src/components/templates/ModernSidebar.tsx(10,79): error TS6133: 'interests' is declared but its value is never read.
src/components/templates/ModernSidebar.tsx(10,90): error TS6133: 'certifications' is declared but its value is never read.
